[2019-03-10T14:32:53.815-0600][gc,heap] Heap region size: 1M
[2019-03-10T14:32:53.827-0600][gc     ] Using G1
[2019-03-10T14:32:53.828-0600][gc,heap,coops] Heap address: 0x00000000c0000000, size: 1024 MB, Compressed Oops mode: 32-bit
[2019-03-10T14:32:55.099-0600][gc,start     ] GC(0) Pause Initial Mark (Metadata GC Threshold)
[2019-03-10T14:32:55.099-0600][gc,task      ] GC(0) Using 8 workers of 8 for evacuation
[2019-03-10T14:32:55.104-0600][gc,phases    ] GC(0)   Pre Evacuate Collection Set: 0.0ms
[2019-03-10T14:32:55.104-0600][gc,phases    ] GC(0)   Evacuate Collection Set: 4.4ms
[2019-03-10T14:32:55.104-0600][gc,phases    ] GC(0)   Post Evacuate Collection Set: 0.5ms
[2019-03-10T14:32:55.104-0600][gc,phases    ] GC(0)   Other: 0.5ms
[2019-03-10T14:32:55.104-0600][gc,heap      ] GC(0) Eden regions: 43->0(44)
[2019-03-10T14:32:55.104-0600][gc,heap      ] GC(0) Survivor regions: 0->7(7)
[2019-03-10T14:32:55.104-0600][gc,heap      ] GC(0) Old regions: 0->0
[2019-03-10T14:32:55.104-0600][gc,heap      ] GC(0) Humongous regions: 1->1
[2019-03-10T14:32:55.104-0600][gc,metaspace ] GC(0) Metaspace: 20747K->20747K(1069056K)
[2019-03-10T14:32:55.104-0600][gc           ] GC(0) Pause Initial Mark (Metadata GC Threshold) 43M->7M(1024M) 5.533ms
[2019-03-10T14:32:55.105-0600][gc,cpu       ] GC(0) User=0.02s Sys=0.01s Real=0.00s
[2019-03-10T14:32:55.105-0600][gc           ] GC(1) Concurrent Cycle
[2019-03-10T14:32:55.105-0600][gc,marking   ] GC(1) Concurrent Clear Claimed Marks
[2019-03-10T14:32:55.105-0600][gc,marking   ] GC(1) Concurrent Clear Claimed Marks 0.029ms
[2019-03-10T14:32:55.105-0600][gc,marking   ] GC(1) Concurrent Scan Root Regions
[2019-03-10T14:32:55.106-0600][gc,marking   ] GC(1) Concurrent Scan Root Regions 1.512ms
[2019-03-10T14:32:55.106-0600][gc,marking   ] GC(1) Concurrent Mark (1.293s)
[2019-03-10T14:32:55.106-0600][gc,marking   ] GC(1) Concurrent Mark From Roots
[2019-03-10T14:32:55.106-0600][gc,task      ] GC(1) Using 2 workers of 2 for marking
[2019-03-10T14:32:55.106-0600][gc,marking   ] GC(1) Concurrent Mark From Roots 0.308ms
[2019-03-10T14:32:55.106-0600][gc,marking   ] GC(1) Concurrent Mark (1.293s, 1.294s) 0.322ms
[2019-03-10T14:32:55.107-0600][gc,start     ] GC(1) Pause Remark
[2019-03-10T14:32:55.108-0600][gc,stringtable] GC(1) Cleaned string and symbol table, strings: 8315 processed, 0 removed, symbols: 66213 processed, 37 removed
[2019-03-10T14:32:55.108-0600][gc            ] GC(1) Pause Remark 7M->7M(1024M) 1.604ms
[2019-03-10T14:32:55.108-0600][gc,cpu        ] GC(1) User=0.01s Sys=0.00s Real=0.00s
[2019-03-10T14:32:55.108-0600][gc,marking    ] GC(1) Concurrent Create Live Data
[2019-03-10T14:32:55.108-0600][gc,marking    ] GC(1) Concurrent Create Live Data 0.169ms
[2019-03-10T14:32:55.109-0600][gc,start      ] GC(1) Pause Cleanup
[2019-03-10T14:32:55.110-0600][gc            ] GC(1) Pause Cleanup 7M->7M(1024M) 0.500ms
[2019-03-10T14:32:55.110-0600][gc,cpu        ] GC(1) User=0.00s Sys=0.00s Real=0.00s
[2019-03-10T14:32:55.110-0600][gc,marking    ] GC(1) Concurrent Cleanup for Next Mark
[2019-03-10T14:32:55.112-0600][gc,marking    ] GC(1) Concurrent Cleanup for Next Mark 2.633ms
[2019-03-10T14:32:55.112-0600][gc            ] GC(1) Concurrent Cycle 7.878ms
[2019-03-10T14:32:55.962-0600][gc,start      ] GC(2) Pause Young (G1 Evacuation Pause)
[2019-03-10T14:32:55.962-0600][gc,task       ] GC(2) Using 8 workers of 8 for evacuation
[2019-03-10T14:32:55.968-0600][gc,phases     ] GC(2)   Pre Evacuate Collection Set: 0.0ms
[2019-03-10T14:32:55.968-0600][gc,phases     ] GC(2)   Evacuate Collection Set: 5.8ms
[2019-03-10T14:32:55.968-0600][gc,phases     ] GC(2)   Post Evacuate Collection Set: 0.5ms
[2019-03-10T14:32:55.968-0600][gc,phases     ] GC(2)   Other: 0.3ms
[2019-03-10T14:32:55.968-0600][gc,heap       ] GC(2) Eden regions: 44->0(47)
[2019-03-10T14:32:55.968-0600][gc,heap       ] GC(2) Survivor regions: 7->4(7)
[2019-03-10T14:32:55.968-0600][gc,heap       ] GC(2) Old regions: 0->7
[2019-03-10T14:32:55.968-0600][gc,heap       ] GC(2) Humongous regions: 130->130
[2019-03-10T14:32:55.968-0600][gc,metaspace  ] GC(2) Metaspace: 29869K->29869K(1077248K)
[2019-03-10T14:32:55.968-0600][gc            ] GC(2) Pause Young (G1 Evacuation Pause) 180M->139M(1024M) 6.756ms
[2019-03-10T14:32:55.968-0600][gc,cpu        ] GC(2) User=0.04s Sys=0.01s Real=0.01s
[2019-03-10T14:35:06.031-0600][gc,start      ] GC(3) Pause Initial Mark (Metadata GC Threshold)
[2019-03-10T14:35:06.031-0600][gc,task       ] GC(3) Using 8 workers of 8 for evacuation
[2019-03-10T14:35:06.035-0600][gc,phases     ] GC(3)   Pre Evacuate Collection Set: 0.0ms
[2019-03-10T14:35:06.035-0600][gc,phases     ] GC(3)   Evacuate Collection Set: 3.5ms
[2019-03-10T14:35:06.035-0600][gc,phases     ] GC(3)   Post Evacuate Collection Set: 0.3ms
[2019-03-10T14:35:06.035-0600][gc,phases     ] GC(3)   Other: 0.4ms
[2019-03-10T14:35:06.035-0600][gc,heap       ] GC(3) Eden regions: 47->0(46)
[2019-03-10T14:35:06.035-0600][gc,heap       ] GC(3) Survivor regions: 4->5(7)
[2019-03-10T14:35:06.035-0600][gc,heap       ] GC(3) Old regions: 7->7
[2019-03-10T14:35:06.035-0600][gc,heap       ] GC(3) Humongous regions: 130->130
[2019-03-10T14:35:06.035-0600][gc,metaspace  ] GC(3) Metaspace: 34951K->34951K(1081344K)
[2019-03-10T14:35:06.035-0600][gc            ] GC(3) Pause Initial Mark (Metadata GC Threshold) 185M->141M(1024M) 4.350ms
[2019-03-10T14:35:06.035-0600][gc,cpu        ] GC(3) User=0.02s Sys=0.00s Real=0.01s
[2019-03-10T14:35:06.035-0600][gc            ] GC(4) Concurrent Cycle
[2019-03-10T14:35:06.035-0600][gc,marking    ] GC(4) Concurrent Clear Claimed Marks
[2019-03-10T14:35:06.035-0600][gc,marking    ] GC(4) Concurrent Clear Claimed Marks 0.030ms
[2019-03-10T14:35:06.035-0600][gc,marking    ] GC(4) Concurrent Scan Root Regions
[2019-03-10T14:35:06.037-0600][gc,marking    ] GC(4) Concurrent Scan Root Regions 1.884ms
[2019-03-10T14:35:06.037-0600][gc,marking    ] GC(4) Concurrent Mark (132.224s)
[2019-03-10T14:35:06.037-0600][gc,marking    ] GC(4) Concurrent Mark From Roots
[2019-03-10T14:35:06.037-0600][gc,task       ] GC(4) Using 2 workers of 2 for marking
[2019-03-10T14:35:06.043-0600][gc,marking    ] GC(4) Concurrent Mark From Roots 6.112ms
[2019-03-10T14:35:06.043-0600][gc,marking    ] GC(4) Concurrent Mark (132.224s, 132.231s) 6.158ms
[2019-03-10T14:35:06.044-0600][gc,start      ] GC(4) Pause Remark
[2019-03-10T14:35:06.046-0600][gc,stringtable] GC(4) Cleaned string and symbol table, strings: 14752 processed, 6 removed, symbols: 96104 processed, 11 removed
[2019-03-10T14:35:06.046-0600][gc            ] GC(4) Pause Remark 141M->141M(1024M) 2.884ms
[2019-03-10T14:35:06.047-0600][gc,cpu        ] GC(4) User=0.02s Sys=0.00s Real=0.01s
[2019-03-10T14:35:06.047-0600][gc,marking    ] GC(4) Concurrent Create Live Data
[2019-03-10T14:35:06.048-0600][gc,marking    ] GC(4) Concurrent Create Live Data 0.981ms
[2019-03-10T14:35:06.048-0600][gc,start      ] GC(4) Pause Cleanup
[2019-03-10T14:35:06.048-0600][gc            ] GC(4) Pause Cleanup 141M->141M(1024M) 0.439ms
[2019-03-10T14:35:06.048-0600][gc,cpu        ] GC(4) User=0.00s Sys=0.00s Real=0.00s
[2019-03-10T14:35:06.048-0600][gc,marking    ] GC(4) Concurrent Cleanup for Next Mark
[2019-03-10T14:35:06.052-0600][gc,marking    ] GC(4) Concurrent Cleanup for Next Mark 3.267ms
[2019-03-10T14:35:06.052-0600][gc            ] GC(4) Concurrent Cycle 16.336ms
[2019-03-10T14:49:40.692-0600][gc,start      ] GC(5) Pause Young (G1 Evacuation Pause)
[2019-03-10T14:49:40.692-0600][gc,task       ] GC(5) Using 8 workers of 8 for evacuation
[2019-03-10T14:49:40.699-0600][gc,phases     ] GC(5)   Pre Evacuate Collection Set: 0.0ms
[2019-03-10T14:49:40.699-0600][gc,phases     ] GC(5)   Evacuate Collection Set: 6.0ms
[2019-03-10T14:49:40.699-0600][gc,phases     ] GC(5)   Post Evacuate Collection Set: 0.5ms
[2019-03-10T14:49:40.699-0600][gc,phases     ] GC(5)   Other: 0.5ms
[2019-03-10T14:49:40.699-0600][gc,heap       ] GC(5) Eden regions: 46->0(48)
[2019-03-10T14:49:40.699-0600][gc,heap       ] GC(5) Survivor regions: 5->3(7)
[2019-03-10T14:49:40.699-0600][gc,heap       ] GC(5) Old regions: 7->10
[2019-03-10T14:49:40.699-0600][gc,heap       ] GC(5) Humongous regions: 130->130
[2019-03-10T14:49:40.699-0600][gc,metaspace  ] GC(5) Metaspace: 36779K->36779K(1083392K)
[2019-03-10T14:49:40.699-0600][gc            ] GC(5) Pause Young (G1 Evacuation Pause) 187M->142M(1024M) 7.130ms
[2019-03-10T14:49:40.699-0600][gc,cpu        ] GC(5) User=0.04s Sys=0.00s Real=0.01s
[2019-03-10T15:07:36.155-0600][gc,start      ] GC(6) Pause Young (G1 Evacuation Pause)
[2019-03-10T15:07:36.155-0600][gc,task       ] GC(6) Using 8 workers of 8 for evacuation
[2019-03-10T15:07:36.160-0600][gc,phases     ] GC(6)   Pre Evacuate Collection Set: 0.0ms
[2019-03-10T15:07:36.160-0600][gc,phases     ] GC(6)   Evacuate Collection Set: 3.7ms
[2019-03-10T15:07:36.160-0600][gc,phases     ] GC(6)   Post Evacuate Collection Set: 0.5ms
[2019-03-10T15:07:36.160-0600][gc,phases     ] GC(6)   Other: 0.4ms
[2019-03-10T15:07:36.160-0600][gc,heap       ] GC(6) Eden regions: 48->0(47)
[2019-03-10T15:07:36.160-0600][gc,heap       ] GC(6) Survivor regions: 3->4(7)
[2019-03-10T15:07:36.160-0600][gc,heap       ] GC(6) Old regions: 10->10
[2019-03-10T15:07:36.160-0600][gc,heap       ] GC(6) Humongous regions: 130->130
[2019-03-10T15:07:36.160-0600][gc,metaspace  ] GC(6) Metaspace: 37255K->37255K(1083392K)
[2019-03-10T15:07:36.160-0600][gc            ] GC(6) Pause Young (G1 Evacuation Pause) 190M->142M(1024M) 4.795ms
[2019-03-10T15:07:36.160-0600][gc,cpu        ] GC(6) User=0.03s Sys=0.00s Real=0.00s
[2019-03-10T15:08:07.619-0600][gc,heap,exit  ] Heap
[2019-03-10T15:08:07.620-0600][gc,heap,exit  ]  garbage-first heap   total 1048576K, used 156580K [0x00000000c0000000, 0x0000000100000000)
[2019-03-10T15:08:07.620-0600][gc,heap,exit  ]   region size 1024K, 15 young (15360K), 4 survivors (4096K)
[2019-03-10T15:08:07.620-0600][gc,heap,exit  ]  Metaspace       used 37859K, capacity 38283K, committed 38732K, reserved 1083392K
[2019-03-10T15:08:07.620-0600][gc,heap,exit  ]   class space    used 4553K, capacity 4702K, committed 4736K, reserved 1048576K
