[2019-02-22T10:56:50.704-0700][gc,heap] Heap region size: 1M
[2019-02-22T10:56:50.711-0700][gc     ] Using G1
[2019-02-22T10:56:50.711-0700][gc,heap,coops] Heap address: 0x00000000c0000000, size: 1024 MB, Compressed Oops mode: 32-bit
[2019-02-22T10:56:51.637-0700][gc,start     ] GC(0) Pause Initial Mark (Metadata GC Threshold)
[2019-02-22T10:56:51.637-0700][gc,task      ] GC(0) Using 4 workers of 4 for evacuation
[2019-02-22T10:56:51.644-0700][gc,phases    ] GC(0)   Pre Evacuate Collection Set: 0.0ms
[2019-02-22T10:56:51.644-0700][gc,phases    ] GC(0)   Evacuate Collection Set: 5.7ms
[2019-02-22T10:56:51.644-0700][gc,phases    ] GC(0)   Post Evacuate Collection Set: 0.3ms
[2019-02-22T10:56:51.644-0700][gc,phases    ] GC(0)   Other: 0.3ms
[2019-02-22T10:56:51.644-0700][gc,heap      ] GC(0) Eden regions: 43->0(44)
[2019-02-22T10:56:51.644-0700][gc,heap      ] GC(0) Survivor regions: 0->7(7)
[2019-02-22T10:56:51.644-0700][gc,heap      ] GC(0) Old regions: 0->0
[2019-02-22T10:56:51.644-0700][gc,heap      ] GC(0) Humongous regions: 1->1
[2019-02-22T10:56:51.644-0700][gc,metaspace ] GC(0) Metaspace: 20735K->20735K(1069056K)
[2019-02-22T10:56:51.644-0700][gc           ] GC(0) Pause Initial Mark (Metadata GC Threshold) 44M->7M(1024M) 6.471ms
[2019-02-22T10:56:51.644-0700][gc,cpu       ] GC(0) User=0.02s Sys=0.00s Real=0.00s
[2019-02-22T10:56:51.644-0700][gc           ] GC(1) Concurrent Cycle
[2019-02-22T10:56:51.644-0700][gc,marking   ] GC(1) Concurrent Clear Claimed Marks
[2019-02-22T10:56:51.644-0700][gc,marking   ] GC(1) Concurrent Clear Claimed Marks 0.028ms
[2019-02-22T10:56:51.644-0700][gc,marking   ] GC(1) Concurrent Scan Root Regions
[2019-02-22T10:56:51.647-0700][gc,marking   ] GC(1) Concurrent Scan Root Regions 2.917ms
[2019-02-22T10:56:51.647-0700][gc,marking   ] GC(1) Concurrent Mark (0.945s)
[2019-02-22T10:56:51.647-0700][gc,marking   ] GC(1) Concurrent Mark From Roots
[2019-02-22T10:56:51.647-0700][gc,task      ] GC(1) Using 1 workers of 1 for marking
[2019-02-22T10:56:51.647-0700][gc,marking   ] GC(1) Concurrent Mark From Roots 0.640ms
[2019-02-22T10:56:51.648-0700][gc,marking   ] GC(1) Concurrent Mark (0.945s, 0.945s) 0.668ms
[2019-02-22T10:56:51.648-0700][gc,start     ] GC(1) Pause Remark
[2019-02-22T10:56:51.650-0700][gc,stringtable] GC(1) Cleaned string and symbol table, strings: 8303 processed, 0 removed, symbols: 67094 processed, 37 removed
[2019-02-22T10:56:51.650-0700][gc            ] GC(1) Pause Remark 7M->7M(1024M) 2.501ms
[2019-02-22T10:56:51.650-0700][gc,cpu        ] GC(1) User=0.01s Sys=0.00s Real=0.00s
[2019-02-22T10:56:51.650-0700][gc,marking    ] GC(1) Concurrent Create Live Data
[2019-02-22T10:56:51.650-0700][gc,marking    ] GC(1) Concurrent Create Live Data 0.120ms
[2019-02-22T10:56:51.650-0700][gc,start      ] GC(1) Pause Cleanup
[2019-02-22T10:56:51.651-0700][gc            ] GC(1) Pause Cleanup 7M->7M(1024M) 0.608ms
[2019-02-22T10:56:51.651-0700][gc,cpu        ] GC(1) User=0.01s Sys=0.00s Real=0.00s
[2019-02-22T10:56:51.651-0700][gc,marking    ] GC(1) Concurrent Cleanup for Next Mark
[2019-02-22T10:56:51.658-0700][gc,marking    ] GC(1) Concurrent Cleanup for Next Mark 7.281ms
[2019-02-22T10:56:51.658-0700][gc            ] GC(1) Concurrent Cycle 14.644ms
[2019-02-22T10:56:52.341-0700][gc,start      ] GC(2) Pause Young (G1 Evacuation Pause)
[2019-02-22T10:56:52.341-0700][gc,task       ] GC(2) Using 4 workers of 4 for evacuation
[2019-02-22T10:56:52.353-0700][gc,phases     ] GC(2)   Pre Evacuate Collection Set: 0.0ms
[2019-02-22T10:56:52.353-0700][gc,phases     ] GC(2)   Evacuate Collection Set: 11.1ms
[2019-02-22T10:56:52.353-0700][gc,phases     ] GC(2)   Post Evacuate Collection Set: 0.4ms
[2019-02-22T10:56:52.353-0700][gc,phases     ] GC(2)   Other: 0.3ms
[2019-02-22T10:56:52.353-0700][gc,heap       ] GC(2) Eden regions: 44->0(47)
[2019-02-22T10:56:52.353-0700][gc,heap       ] GC(2) Survivor regions: 7->4(7)
[2019-02-22T10:56:52.353-0700][gc,heap       ] GC(2) Old regions: 0->6
[2019-02-22T10:56:52.353-0700][gc,heap       ] GC(2) Humongous regions: 130->130
[2019-02-22T10:56:52.353-0700][gc,metaspace  ] GC(2) Metaspace: 29911K->29911K(1077248K)
[2019-02-22T10:56:52.353-0700][gc            ] GC(2) Pause Young (G1 Evacuation Pause) 180M->139M(1024M) 11.838ms
[2019-02-22T10:56:52.353-0700][gc,cpu        ] GC(2) User=0.03s Sys=0.00s Real=0.01s
[2019-02-22T11:05:07.994-0700][gc,heap,exit  ] Heap
[2019-02-22T11:05:07.994-0700][gc,heap,exit  ]  garbage-first heap   total 1048576K, used 165328K [0x00000000c0000000, 0x0000000100000000)
[2019-02-22T11:05:07.994-0700][gc,heap,exit  ]   region size 1024K, 27 young (27648K), 4 survivors (4096K)
[2019-02-22T11:05:07.994-0700][gc,heap,exit  ]  Metaspace       used 32487K, capacity 32980K, committed 33280K, reserved 1079296K
[2019-02-22T11:05:07.994-0700][gc,heap,exit  ]   class space    used 3904K, capacity 4087K, committed 4096K, reserved 1048576K
