[2019-03-10T14:32:43.504-0600][gc,heap] Heap region size: 1M
[2019-03-10T14:32:43.512-0600][gc     ] Using G1
[2019-03-10T14:32:43.512-0600][gc,heap,coops] Heap address: 0x00000000e0000000, size: 512 MB, Compressed Oops mode: 32-bit
[2019-03-10T14:57:41.250-0600][gc,start     ] GC(0) Pause Young (G1 Evacuation Pause)
[2019-03-10T14:57:41.250-0600][gc,task      ] GC(0) Using 8 workers of 8 for evacuation
[2019-03-10T14:57:41.255-0600][gc,phases    ] GC(0)   Pre Evacuate Collection Set: 0.0ms
[2019-03-10T14:57:41.255-0600][gc,phases    ] GC(0)   Evacuate Collection Set: 4.6ms
[2019-03-10T14:57:41.255-0600][gc,phases    ] GC(0)   Post Evacuate Collection Set: 0.2ms
[2019-03-10T14:57:41.255-0600][gc,phases    ] GC(0)   Other: 0.2ms
[2019-03-10T14:57:41.255-0600][gc,heap      ] GC(0) Eden regions: 25->0(21)
[2019-03-10T14:57:41.255-0600][gc,heap      ] GC(0) Survivor regions: 0->4(4)
[2019-03-10T14:57:41.255-0600][gc,heap      ] GC(0) Old regions: 0->2
[2019-03-10T14:57:41.255-0600][gc,heap      ] GC(0) Humongous regions: 1->1
[2019-03-10T14:57:41.255-0600][gc,metaspace ] GC(0) Metaspace: 15128K->15128K(1062912K)
[2019-03-10T14:57:41.255-0600][gc           ] GC(0) Pause Young (G1 Evacuation Pause) 26M->6M(512M) 5.151ms
[2019-03-10T14:57:41.255-0600][gc,cpu       ] GC(0) User=0.03s Sys=0.00s Real=0.01s
[2019-03-11T10:20:17.272-0600][gc,heap,exit ] Heap
[2019-03-11T10:20:17.272-0600][gc,heap,exit ]  garbage-first heap   total 524288K, used 9138K [0x00000000e0000000, 0x0000000100000000)
[2019-03-11T10:20:17.272-0600][gc,heap,exit ]   region size 1024K, 7 young (7168K), 4 survivors (4096K)
[2019-03-11T10:20:17.272-0600][gc,heap,exit ]  Metaspace       used 15155K, capacity 15451K, committed 15744K, reserved 1062912K
[2019-03-11T10:20:17.272-0600][gc,heap,exit ]   class space    used 1432K, capacity 1556K, committed 1664K, reserved 1048576K
